[23:26:24] START vqc_text/mc/seed1
[simcert] mode=both model=vqc_text dataset=mc hash=72c002ffdca1
[simcert] dataset: {'name': 'mc', 'n_classes': 2, 'n_train': 78, 'n_val': 26, 'n_test': 26}
[simcert] trained: train=1.000 val=1.000
[simcert] entanglement-removal: full=1.000 separable=1.000 delta_ent=+0.000
[simcert] VERDICT: CLASSICALLY_SIMULABLE  chi*={'tau_gen': 1, 'tau_ci': 1, 'tau_agree': 1}  full_acc=1.000
[simcert] wrote results/metrics/mc__vqc_text__72c002ffdca1.json

[23:27:57] OK    vqc_text/mc/seed1
[23:27:57] START vqc_text/mc/seed2
[simcert] mode=both model=vqc_text dataset=mc hash=853ecb24e75a
[simcert] dataset: {'name': 'mc', 'n_classes': 2, 'n_train': 78, 'n_val': 26, 'n_test': 26}
[simcert] trained: train=1.000 val=1.000
[simcert] entanglement-removal: full=1.000 separable=0.923 delta_ent=+0.077
[simcert] VERDICT: AMBIGUOUS  chi*={'tau_gen': 1, 'tau_ci': 1, 'tau_agree': 1}  full_acc=1.000
[simcert] wrote results/metrics/mc__vqc_text__853ecb24e75a.json

[23:29:25] OK    vqc_text/mc/seed2
[23:29:25] START vqc_text/mc/seed3
[simcert] mode=both model=vqc_text dataset=mc hash=00c8f773c10e
[simcert] dataset: {'name': 'mc', 'n_classes': 2, 'n_train': 78, 'n_val': 26, 'n_test': 26}
[simcert] trained: train=1.000 val=1.000
[simcert] entanglement-removal: full=1.000 separable=0.923 delta_ent=+0.077
[simcert] VERDICT: AMBIGUOUS  chi*={'tau_gen': 1, 'tau_ci': 1, 'tau_agree': 1}  full_acc=1.000
[simcert] wrote results/metrics/mc__vqc_text__00c8f773c10e.json

[23:30:54] OK    vqc_text/mc/seed3
[23:30:54] START vqc_text/mc/seed4
[simcert] mode=both model=vqc_text dataset=mc hash=435ae84bffb7
[simcert] dataset: {'name': 'mc', 'n_classes': 2, 'n_train': 78, 'n_val': 26, 'n_test': 26}
[simcert] trained: train=1.000 val=1.000
[simcert] entanglement-removal: full=1.000 separable=1.000 delta_ent=+0.000
[simcert] VERDICT: CLASSICALLY_SIMULABLE  chi*={'tau_gen': 1, 'tau_ci': 1, 'tau_agree': 1}  full_acc=1.000
[simcert] wrote results/metrics/mc__vqc_text__435ae84bffb7.json

[23:32:21] OK    vqc_text/mc/seed4
[23:32:21] START vqc_text/mc/seed5
[simcert] mode=both model=vqc_text dataset=mc hash=7396ff763505
[simcert] dataset: {'name': 'mc', 'n_classes': 2, 'n_train': 78, 'n_val': 26, 'n_test': 26}
[simcert] trained: train=1.000 val=1.000
[simcert] entanglement-removal: full=1.000 separable=0.615 delta_ent=+0.385
[simcert] VERDICT: AMBIGUOUS  chi*={'tau_gen': 1, 'tau_ci': 1, 'tau_agree': 1}  full_acc=1.000
[simcert] wrote results/metrics/mc__vqc_text__7396ff763505.json

[23:33:49] OK    vqc_text/mc/seed5
[23:33:49] START vqc_text/mc/seed6
[simcert] mode=both model=vqc_text dataset=mc hash=97055583a1ac
[simcert] dataset: {'name': 'mc', 'n_classes': 2, 'n_train': 78, 'n_val': 26, 'n_test': 26}
[simcert] trained: train=1.000 val=1.000
[simcert] entanglement-removal: full=1.000 separable=0.500 delta_ent=+0.500
[simcert] VERDICT: AMBIGUOUS  chi*={'tau_gen': 1, 'tau_ci': 1, 'tau_agree': 1}  full_acc=1.000
[simcert] wrote results/metrics/mc__vqc_text__97055583a1ac.json

[23:35:16] OK    vqc_text/mc/seed6
[23:35:16] START vqc_text/mc/seed7
[simcert] mode=both model=vqc_text dataset=mc hash=2cd962d1158d
[simcert] dataset: {'name': 'mc', 'n_classes': 2, 'n_train': 78, 'n_val': 26, 'n_test': 26}
[simcert] trained: train=1.000 val=1.000
[simcert] entanglement-removal: full=1.000 separable=0.692 delta_ent=+0.308
[simcert] VERDICT: AMBIGUOUS  chi*={'tau_gen': 1, 'tau_ci': 1, 'tau_agree': 1}  full_acc=1.000
[simcert] wrote results/metrics/mc__vqc_text__2cd962d1158d.json

[23:36:46] OK    vqc_text/mc/seed7
[23:36:46] START vqc_text/mc/seed8
[simcert] mode=both model=vqc_text dataset=mc hash=76d832f81bec
[simcert] dataset: {'name': 'mc', 'n_classes': 2, 'n_train': 78, 'n_val': 26, 'n_test': 26}
[simcert] trained: train=1.000 val=1.000
[simcert] entanglement-removal: full=1.000 separable=1.000 delta_ent=+0.000
[simcert] VERDICT: CLASSICALLY_SIMULABLE  chi*={'tau_gen': 1, 'tau_ci': 1, 'tau_agree': 1}  full_acc=1.000
[simcert] wrote results/metrics/mc__vqc_text__76d832f81bec.json

[23:38:26] OK    vqc_text/mc/seed8
[23:38:26] START vqc_text/rp/seed1
[simcert] mode=both model=vqc_text dataset=rp hash=e717cf581e19
[simcert] dataset: {'name': 'rp', 'n_classes': 2, 'n_train': 59, 'n_val': 15, 'n_test': 31}
[simcert] trained: train=0.915 val=0.533
[simcert] entanglement-removal: full=0.516 separable=0.613 delta_ent=-0.097
[simcert] VERDICT: AMBIGUOUS  chi*={'tau_gen': 1, 'tau_ci': 1, 'tau_agree': 1}  full_acc=0.516
[simcert] wrote results/metrics/rp__vqc_text__e717cf581e19.json

[23:39:35] OK    vqc_text/rp/seed1
[23:39:35] START vqc_text/rp/seed2
[simcert] mode=both model=vqc_text dataset=rp hash=3c1877d1924e
[simcert] dataset: {'name': 'rp', 'n_classes': 2, 'n_train': 59, 'n_val': 15, 'n_test': 31}
[simcert] trained: train=0.966 val=0.467
[simcert] entanglement-removal: full=0.710 separable=0.484 delta_ent=+0.226
[simcert] VERDICT: AMBIGUOUS  chi*={'tau_gen': 1, 'tau_ci': 1, 'tau_agree': 1}  full_acc=0.710
[simcert] wrote results/metrics/rp__vqc_text__3c1877d1924e.json

[23:40:44] OK    vqc_text/rp/seed2
[23:40:44] START vqc_text/rp/seed3
[simcert] mode=both model=vqc_text dataset=rp hash=2570471ea22a
[simcert] dataset: {'name': 'rp', 'n_classes': 2, 'n_train': 59, 'n_val': 15, 'n_test': 31}
[simcert] trained: train=0.966 val=0.533
[simcert] entanglement-removal: full=0.548 separable=0.516 delta_ent=+0.032
[simcert] VERDICT: AMBIGUOUS  chi*={'tau_gen': 1, 'tau_ci': 1, 'tau_agree': 1}  full_acc=0.548
[simcert] wrote results/metrics/rp__vqc_text__2570471ea22a.json

[23:41:55] OK    vqc_text/rp/seed3
[23:41:55] START vqc_text/rp/seed4
[simcert] mode=both model=vqc_text dataset=rp hash=9a0572e8712b
[simcert] dataset: {'name': 'rp', 'n_classes': 2, 'n_train': 59, 'n_val': 15, 'n_test': 31}
[simcert] trained: train=0.966 val=0.467
[simcert] entanglement-removal: full=0.710 separable=0.677 delta_ent=+0.032
[simcert] VERDICT: AMBIGUOUS  chi*={'tau_gen': 1, 'tau_ci': 1, 'tau_agree': 1}  full_acc=0.710
[simcert] wrote results/metrics/rp__vqc_text__9a0572e8712b.json

[23:43:07] OK    vqc_text/rp/seed4
[23:43:07] START vqc_text/rp/seed5
[simcert] mode=both model=vqc_text dataset=rp hash=d42e5563be4e
[simcert] dataset: {'name': 'rp', 'n_classes': 2, 'n_train': 59, 'n_val': 15, 'n_test': 31}
[simcert] trained: train=0.949 val=0.467
[simcert] entanglement-removal: full=0.677 separable=0.645 delta_ent=+0.032
[simcert] VERDICT: AMBIGUOUS  chi*={'tau_gen': 1, 'tau_ci': 1, 'tau_agree': 1}  full_acc=0.677
[simcert] wrote results/metrics/rp__vqc_text__d42e5563be4e.json

[23:44:17] OK    vqc_text/rp/seed5
[23:44:17] START vqc_text/rp/seed6
[simcert] mode=both model=vqc_text dataset=rp hash=56519e791140
[simcert] dataset: {'name': 'rp', 'n_classes': 2, 'n_train': 59, 'n_val': 15, 'n_test': 31}
[simcert] trained: train=0.966 val=0.333
[simcert] entanglement-removal: full=0.645 separable=0.419 delta_ent=+0.226
[simcert] VERDICT: AMBIGUOUS  chi*={'tau_gen': 1, 'tau_ci': 1, 'tau_agree': 1}  full_acc=0.645
[simcert] wrote results/metrics/rp__vqc_text__56519e791140.json

[23:45:27] OK    vqc_text/rp/seed6
[23:45:27] START vqc_text/rp/seed7
[simcert] mode=both model=vqc_text dataset=rp hash=b60fe2bbf7cb
[simcert] dataset: {'name': 'rp', 'n_classes': 2, 'n_train': 59, 'n_val': 15, 'n_test': 31}
[simcert] trained: train=0.949 val=0.400
[simcert] entanglement-removal: full=0.581 separable=0.387 delta_ent=+0.194
[simcert] VERDICT: AMBIGUOUS  chi*={'tau_gen': 1, 'tau_ci': 1, 'tau_agree': 1}  full_acc=0.581
[simcert] wrote results/metrics/rp__vqc_text__b60fe2bbf7cb.json

[23:46:37] OK    vqc_text/rp/seed7
[23:46:37] START vqc_text/rp/seed8
[simcert] mode=both model=vqc_text dataset=rp hash=19f75edf4efe
[simcert] dataset: {'name': 'rp', 'n_classes': 2, 'n_train': 59, 'n_val': 15, 'n_test': 31}
[simcert] trained: train=0.949 val=0.533
[simcert] entanglement-removal: full=0.548 separable=0.419 delta_ent=+0.129
[simcert] VERDICT: AMBIGUOUS  chi*={'tau_gen': 1, 'tau_ci': 1, 'tau_agree': 1}  full_acc=0.548
[simcert] wrote results/metrics/rp__vqc_text__19f75edf4efe.json

[23:47:47] OK    vqc_text/rp/seed8
[23:47:47] START vqc_text/sst2/seed1
[simcert] mode=both model=vqc_text dataset=sst2 hash=3b410f163373
[simcert] dataset: {'name': 'sst2', 'n_classes': 2, 'n_train': 510, 'n_val': 90, 'n_test': 200}
[simcert] trained: train=0.998 val=0.633
[simcert] entanglement-removal: full=0.650 separable=0.520 delta_ent=+0.130
[simcert] VERDICT: AMBIGUOUS  chi*={'tau_gen': 1, 'tau_ci': 1, 'tau_agree': 1}  full_acc=0.650
[simcert] wrote results/metrics/sst2__vqc_text__3b410f163373.json

[23:57:02] OK    vqc_text/sst2/seed1
[23:57:02] START vqc_text/sst2/seed2
[simcert] mode=both model=vqc_text dataset=sst2 hash=4e4835c0ff85
[simcert] dataset: {'name': 'sst2', 'n_classes': 2, 'n_train': 510, 'n_val': 90, 'n_test': 200}
[simcert] trained: train=0.992 val=0.633
[simcert] entanglement-removal: full=0.665 separable=0.500 delta_ent=+0.165
[simcert] VERDICT: AMBIGUOUS  chi*={'tau_gen': 1, 'tau_ci': 1, 'tau_agree': 1}  full_acc=0.665
[simcert] wrote results/metrics/sst2__vqc_text__4e4835c0ff85.json

[00:06:19] OK    vqc_text/sst2/seed2
[00:06:19] START vqc_text/sst2/seed3
[simcert] mode=both model=vqc_text dataset=sst2 hash=95a57aa222db
[simcert] dataset: {'name': 'sst2', 'n_classes': 2, 'n_train': 510, 'n_val': 90, 'n_test': 200}
[simcert] trained: train=0.992 val=0.633
[simcert] entanglement-removal: full=0.585 separable=0.520 delta_ent=+0.065
[simcert] VERDICT: AMBIGUOUS  chi*={'tau_gen': 1, 'tau_ci': 1, 'tau_agree': 1}  full_acc=0.585
[simcert] wrote results/metrics/sst2__vqc_text__95a57aa222db.json

[00:16:06] OK    vqc_text/sst2/seed3
[00:16:06] START vqc_text/sst2/seed4
[simcert] mode=both model=vqc_text dataset=sst2 hash=fbeeac6de39b
[simcert] dataset: {'name': 'sst2', 'n_classes': 2, 'n_train': 510, 'n_val': 90, 'n_test': 200}
[simcert] trained: train=0.994 val=0.622
[simcert] entanglement-removal: full=0.565 separable=0.500 delta_ent=+0.065
[simcert] VERDICT: AMBIGUOUS  chi*={'tau_gen': 1, 'tau_ci': 1, 'tau_agree': 1}  full_acc=0.565
[simcert] wrote results/metrics/sst2__vqc_text__fbeeac6de39b.json

[00:25:14] OK    vqc_text/sst2/seed4
[00:25:14] START vqc_text/sst2/seed5
